================================================================================
HPOP RViz2 Plugins Build Test Results
Date: 2026-01-14
Phase: 5 - RViz2 GUI Implementation
================================================================================

BUILD STATUS: SUCCESS

Packages Built:
---------------
1. hpop_rviz_plugins (RViz2 Panel and Display plugins)
   - libhpop_panel.so (6.79 MB) - Control panel plugin
   - libhpop_displays.so (5.60 MB) - Earth and Orbit displays

2. hpop_bringup (Launch files and configurations)
   - Launch files: hpop_system.launch.py, hpop_visualization.launch.py
   - Config files: satellites.yaml, ground_stations.yaml, propagator.yaml
   - RViz config: hpop_visualization.rviz

Components Implemented:
-----------------------
1. HpopPanel (rviz_common::Panel)
   - Satellite table widget with NORAD ID input
   - Propagation control widget (Start/Stop/Reset)
   - Time scale slider (1x - 1000x)
   - Integrator settings (RK4/RKF78/ABM)
   - Perturbation toggles (J2, Drag, SRP, Third-body)

2. EarthDisplay (rviz_common::Display)
   - 3D Earth sphere with configurable scale
   - Latitude/longitude grid
   - Equator highlight (red line)
   - Optional rotation animation
   - Configurable colors

3. OrbitDisplay (rviz_common::Display)
   - Real-time orbit trail visualization
   - Configurable trail length (10-5000 points)
   - Automatic color assignment per satellite
   - Subscribes to /hpop/satellite_state topic

Plugin Registration:
--------------------
- hpop_rviz_plugins/HpopPanel (rviz_common::Panel)
- hpop_rviz_plugins/OrbitDisplay (rviz_common::Display)
- hpop_rviz_plugins/EarthDisplay (rviz_common::Display)

Installation Verified:
----------------------
- /home/seongmin/ros2_ws/install/hpop_rviz_plugins/lib/libhpop_panel.so
- /home/seongmin/ros2_ws/install/hpop_rviz_plugins/lib/libhpop_displays.so
- /home/seongmin/ros2_ws/install/hpop_rviz_plugins/share/hpop_rviz_plugins/plugin_description.xml
- /home/seongmin/ros2_ws/install/hpop_bringup/share/hpop_bringup/launch/
- /home/seongmin/ros2_ws/install/hpop_bringup/share/hpop_bringup/config/
- /home/seongmin/ros2_ws/install/hpop_bringup/share/hpop_bringup/rviz/

Usage:
------
# Launch RViz2 with HPOP plugins
ros2 launch hpop_bringup hpop_visualization.launch.py

# Launch full HPOP system
ros2 launch hpop_bringup hpop_system.launch.py

================================================================================
